<?xml version="1.0" encoding="UTF-8"?>
<TestRun id="41df06b4-6d41-4954-bbad-cc82e143b612" name="Acer@USER 2016-12-21 21:10:15" runUser="USER\Acer" xmlns="http://microsoft.com/schemas/VisualStudio/TeamTest/2006">
  <TestRunConfiguration name="Default Run Configuration" id="c79427b4-9bd0-4545-8ae0-573c05946068">
    <Deployment runDeploymentRoot="C:\Users\Acer\Documents\Visual Studio 2008\Projects\DES\TestResults\Acer_USER 2016-12-21 21_10_15">
      <DeploymentItem filename="C:\Users\Acer\Documents\Visual Studio 2008\Projects\DES\DES\bin\Debug\DES_1.dll" />
    </Deployment>
    <Hosts skipUnhostableTests="false" />
    <TestTypeSpecific />
  </TestRunConfiguration>
  <ResultSummary outcome="Error">
    <Counters total="6" executed="6" passed="5" error="0" failed="0" timeout="0" aborted="1" inconclusive="0" passedButRunAborted="0" notRunnable="0" notExecuted="0" disconnected="0" warning="0" completed="0" inProgress="0" pending="0" />
    <RunInfos>
      <RunInfo computerName="USER" outcome="Error" timestamp="2016-12-21T21:10:48.8631349+03:00">
        <Text>Test host process exited unexpectedly.</Text>
      </RunInfo>
    </RunInfos>
  </ResultSummary>
  <Times creation="2016-12-21T21:10:15.3443208+03:00" queuing="2016-12-21T21:10:19.2164127+03:00" start="2016-12-21T21:10:19.5804224+03:00" finish="2016-12-21T21:10:48.8671352+03:00" />
  <TestDefinitions>
    <UnitTest name="DESTestSourceDecrypt" storage="c:\users\acer\documents\visual studio 2008\projects\des\destests\bin\debug\destests.dll" id="3154799c-e0a1-7c58-9569-cd29d1bc3aa0">
      <Css projectStructure="" iteration="" />
      <Owners>
        <Owner name="" />
      </Owners>
      <Execution id="3eaced1f-f668-4d14-a998-3755c6d6c0f1" />
      <TestMethod codeBase="C:\Users\Acer\Documents\Visual Studio 2008\Projects\DES\DESTests\bin\Debug\DESTests.dll" adapterTypeName="Microsoft.VisualStudio.TestTools.TestTypes.Unit.UnitTestAdapter, Microsoft.VisualStudio.QualityTools.Tips.UnitTest.Adapter, Version=9.0.0.0, Culture=neutral, PublicKeyToken=b03f5f7f11d50a3a" className="DESTests.Test, DESTests" name="DESTestSourceDecrypt" />
    </UnitTest>
    <UnitTest name="RSASign" storage="c:\users\acer\documents\visual studio 2008\projects\des\destests\bin\debug\destests.dll" id="c2d29ef2-6045-61e3-1d6a-f22e41477650">
      <Css projectStructure="" iteration="" />
      <Owners>
        <Owner name="" />
      </Owners>
      <Execution id="3d4bce79-27d1-4ce2-921c-2cf4ee96b992" />
      <TestMethod codeBase="C:\Users\Acer\Documents\Visual Studio 2008\Projects\DES\DESTests\bin\Debug\DESTests.dll" adapterTypeName="Microsoft.VisualStudio.TestTools.TestTypes.Unit.UnitTestAdapter, Microsoft.VisualStudio.QualityTools.Tips.UnitTest.Adapter, Version=9.0.0.0, Culture=neutral, PublicKeyToken=b03f5f7f11d50a3a" className="DESTests.Test, DESTests" name="RSASign" />
    </UnitTest>
    <UnitTest name="ElGamalTestSourceDecrypt" storage="c:\users\acer\documents\visual studio 2008\projects\des\destests\bin\debug\destests.dll" id="16e3d03b-e8c5-802f-e9c0-342107d2cdb0">
      <Css projectStructure="" iteration="" />
      <Owners>
        <Owner name="" />
      </Owners>
      <Execution id="646c66ae-2d9a-40f8-a797-db1e823595a5" />
      <TestMethod codeBase="C:\Users\Acer\Documents\Visual Studio 2008\Projects\DES\DESTests\bin\Debug\DESTests.dll" adapterTypeName="Microsoft.VisualStudio.TestTools.TestTypes.Unit.UnitTestAdapter, Microsoft.VisualStudio.QualityTools.Tips.UnitTest.Adapter, Version=9.0.0.0, Culture=neutral, PublicKeyToken=b03f5f7f11d50a3a" className="DESTests.Test, DESTests" name="ElGamalTestSourceDecrypt" />
    </UnitTest>
    <UnitTest name="ElGamalTestEncryptDecryptLenght" storage="c:\users\acer\documents\visual studio 2008\projects\des\destests\bin\debug\destests.dll" id="0e7cf8a3-3ea1-7e51-78da-44d1d9228cd6">
      <Css projectStructure="" iteration="" />
      <Owners>
        <Owner name="" />
      </Owners>
      <Execution id="8a7f8212-d811-4b28-9260-a48329026654" />
      <TestMethod codeBase="C:\Users\Acer\Documents\Visual Studio 2008\Projects\DES\DESTests\bin\Debug\DESTests.dll" adapterTypeName="Microsoft.VisualStudio.TestTools.TestTypes.Unit.UnitTestAdapter, Microsoft.VisualStudio.QualityTools.Tips.UnitTest.Adapter, Version=9.0.0.0, Culture=neutral, PublicKeyToken=b03f5f7f11d50a3a" className="DESTests.Test, DESTests" name="ElGamalTestEncryptDecryptLenght" />
    </UnitTest>
    <UnitTest name="DESTestDecrypt" storage="c:\users\acer\documents\visual studio 2008\projects\des\destests\bin\debug\destests.dll" id="726eb956-5c9f-0634-b91b-6403cea6b894">
      <Css projectStructure="" iteration="" />
      <Owners>
        <Owner name="" />
      </Owners>
      <Execution id="97a14e08-1dee-4252-b268-a6c942e532b9" />
      <TestMethod codeBase="C:\Users\Acer\Documents\Visual Studio 2008\Projects\DES\DESTests\bin\Debug\DESTests.dll" adapterTypeName="Microsoft.VisualStudio.TestTools.TestTypes.Unit.UnitTestAdapter, Microsoft.VisualStudio.QualityTools.Tips.UnitTest.Adapter, Version=9.0.0.0, Culture=neutral, PublicKeyToken=b03f5f7f11d50a3a" className="DESTests.Test, DESTests" name="DESTestDecrypt" />
    </UnitTest>
    <UnitTest name="SHA1TestHash" storage="c:\users\acer\documents\visual studio 2008\projects\des\destests\bin\debug\destests.dll" id="54493a4d-419d-2f05-793b-58d412a9d7c1">
      <Css projectStructure="" iteration="" />
      <Owners>
        <Owner name="" />
      </Owners>
      <Execution id="555d4860-5fad-435a-b4a8-4dee420f5527" />
      <TestMethod codeBase="C:\Users\Acer\Documents\Visual Studio 2008\Projects\DES\DESTests\bin\Debug\DESTests.dll" adapterTypeName="Microsoft.VisualStudio.TestTools.TestTypes.Unit.UnitTestAdapter, Microsoft.VisualStudio.QualityTools.Tips.UnitTest.Adapter, Version=9.0.0.0, Culture=neutral, PublicKeyToken=b03f5f7f11d50a3a" className="DESTests.Test, DESTests" name="SHA1TestHash" />
    </UnitTest>
  </TestDefinitions>
  <TestLists>
    <TestList name="Results Not in a List" id="8c84fa94-04c1-424b-9868-57a2d4851a1d" />
    <TestList name="All Loaded Results" id="19431567-8539-422a-85d7-44ee4e166bda" />
  </TestLists>
  <TestEntries>
    <TestEntry testId="3154799c-e0a1-7c58-9569-cd29d1bc3aa0" executionId="3eaced1f-f668-4d14-a998-3755c6d6c0f1" testListId="8c84fa94-04c1-424b-9868-57a2d4851a1d" />
    <TestEntry testId="726eb956-5c9f-0634-b91b-6403cea6b894" executionId="97a14e08-1dee-4252-b268-a6c942e532b9" testListId="8c84fa94-04c1-424b-9868-57a2d4851a1d" />
    <TestEntry testId="16e3d03b-e8c5-802f-e9c0-342107d2cdb0" executionId="646c66ae-2d9a-40f8-a797-db1e823595a5" testListId="8c84fa94-04c1-424b-9868-57a2d4851a1d" />
    <TestEntry testId="0e7cf8a3-3ea1-7e51-78da-44d1d9228cd6" executionId="8a7f8212-d811-4b28-9260-a48329026654" testListId="8c84fa94-04c1-424b-9868-57a2d4851a1d" />
    <TestEntry testId="54493a4d-419d-2f05-793b-58d412a9d7c1" executionId="555d4860-5fad-435a-b4a8-4dee420f5527" testListId="8c84fa94-04c1-424b-9868-57a2d4851a1d" />
    <TestEntry testId="c2d29ef2-6045-61e3-1d6a-f22e41477650" executionId="04ddf7fc-1b8f-45c7-b78a-6075064f02b4" testListId="8c84fa94-04c1-424b-9868-57a2d4851a1d" />
  </TestEntries>
  <Results>
    <UnitTestResult executionId="3eaced1f-f668-4d14-a998-3755c6d6c0f1" testId="3154799c-e0a1-7c58-9569-cd29d1bc3aa0" testName="DESTestSourceDecrypt" computerName="USER" duration="00:00:00.1128341" startTime="2016-12-21T21:10:19.8564282+03:00" endTime="2016-12-21T21:10:20.5524515+03:00" testType="13cdc9d9-ddb5-4fa4-a97d-d965ccfc6d4b" outcome="Passed" testListId="8c84fa94-04c1-424b-9868-57a2d4851a1d">
      <Output>
      </Output>
    </UnitTestResult>
    <UnitTestResult executionId="97a14e08-1dee-4252-b268-a6c942e532b9" testId="726eb956-5c9f-0634-b91b-6403cea6b894" testName="DESTestDecrypt" computerName="USER" duration="00:00:00.0021039" startTime="2016-12-21T21:10:20.5564462+03:00" endTime="2016-12-21T21:10:20.5724506+03:00" testType="13cdc9d9-ddb5-4fa4-a97d-d965ccfc6d4b" outcome="Passed" testListId="8c84fa94-04c1-424b-9868-57a2d4851a1d">
      <Output>
      </Output>
    </UnitTestResult>
    <UnitTestResult executionId="646c66ae-2d9a-40f8-a797-db1e823595a5" testId="16e3d03b-e8c5-802f-e9c0-342107d2cdb0" testName="ElGamalTestSourceDecrypt" computerName="USER" duration="00:00:00.0099498" startTime="2016-12-21T21:10:20.5804468+03:00" endTime="2016-12-21T21:10:20.5964476+03:00" testType="13cdc9d9-ddb5-4fa4-a97d-d965ccfc6d4b" outcome="Passed" testListId="8c84fa94-04c1-424b-9868-57a2d4851a1d">
      <Output>
      </Output>
    </UnitTestResult>
    <UnitTestResult executionId="8a7f8212-d811-4b28-9260-a48329026654" testId="0e7cf8a3-3ea1-7e51-78da-44d1d9228cd6" testName="ElGamalTestEncryptDecryptLenght" computerName="USER" duration="00:00:00.0214726" startTime="2016-12-21T21:10:20.6044474+03:00" endTime="2016-12-21T21:10:20.6364506+03:00" testType="13cdc9d9-ddb5-4fa4-a97d-d965ccfc6d4b" outcome="Passed" testListId="8c84fa94-04c1-424b-9868-57a2d4851a1d">
      <Output>
      </Output>
    </UnitTestResult>
    <UnitTestResult executionId="555d4860-5fad-435a-b4a8-4dee420f5527" testId="54493a4d-419d-2f05-793b-58d412a9d7c1" testName="SHA1TestHash" computerName="USER" duration="00:00:01.4624981" startTime="2016-12-21T21:10:20.6404485+03:00" endTime="2016-12-21T21:10:22.1124832+03:00" testType="13cdc9d9-ddb5-4fa4-a97d-d965ccfc6d4b" outcome="Passed" testListId="8c84fa94-04c1-424b-9868-57a2d4851a1d">
      <Output>
      </Output>
    </UnitTestResult>
    <UnitTestResult executionId="04ddf7fc-1b8f-45c7-b78a-6075064f02b4" testId="c2d29ef2-6045-61e3-1d6a-f22e41477650" testName="RSASign" computerName="USER" duration="00:00:26.7466503" startTime="2016-12-21T21:10:22.1204849+03:00" endTime="2016-12-21T21:10:48.8671352+03:00" testType="13cdc9d9-ddb5-4fa4-a97d-d965ccfc6d4b" outcome="Aborted" testListId="8c84fa94-04c1-424b-9868-57a2d4851a1d">
    </UnitTestResult>
  </Results>
</TestRun>