<?xml version="1.0" encoding="UTF-8"?>
<TestRun id="affdb3fb-72ed-4b3d-bee4-a16d07606d67" name="Acer@USER 2016-12-21 21:35:00" runUser="USER\Acer" xmlns="http://microsoft.com/schemas/VisualStudio/TeamTest/2006">
  <TestRunConfiguration name="Default Run Configuration" id="390f80c5-4bc3-41b0-a216-1efe99e4360f">
    <Deployment runDeploymentRoot="C:\Users\Acer\Documents\Visual Studio 2008\Projects\DES\TestResults\Acer_USER 2016-12-21 21_35_00">
      <DeploymentItem filename="C:\Users\Acer\Documents\Visual Studio 2008\Projects\DES\DES\bin\Debug\DES_1.dll" />
    </Deployment>
    <Hosts skipUnhostableTests="false" />
    <TestTypeSpecific />
  </TestRunConfiguration>
  <ResultSummary outcome="Error">
    <Counters total="6" executed="6" passed="5" error="0" failed="0" timeout="0" aborted="1" inconclusive="0" passedButRunAborted="0" notRunnable="0" notExecuted="0" disconnected="0" warning="0" completed="0" inProgress="0" pending="0" />
    <RunInfos>
      <RunInfo computerName="USER" outcome="Error" timestamp="2016-12-21T21:39:08.1575909+03:00">
        <Text>Test host process exited unexpectedly.</Text>
      </RunInfo>
    </RunInfos>
  </ResultSummary>
  <Times creation="2016-12-21T21:35:00.2432475+03:00" queuing="2016-12-21T21:35:03.8086603+03:00" start="2016-12-21T21:35:04.1524328+03:00" finish="2016-12-21T21:39:08.1575909+03:00" />
  <TestDefinitions>
    <UnitTest name="DESTestSourceDecrypt" storage="c:\users\acer\documents\visual studio 2008\projects\des\destests\bin\debug\destests.dll" id="3154799c-e0a1-7c58-9569-cd29d1bc3aa0">
      <Css projectStructure="" iteration="" />
      <Owners>
        <Owner name="" />
      </Owners>
      <Execution id="d81e3f6f-f7fc-4cf0-877e-37607a4b1ed4" />
      <TestMethod codeBase="C:\Users\Acer\Documents\Visual Studio 2008\Projects\DES\DESTests\bin\Debug\DESTests.dll" adapterTypeName="Microsoft.VisualStudio.TestTools.TestTypes.Unit.UnitTestAdapter, Microsoft.VisualStudio.QualityTools.Tips.UnitTest.Adapter, Version=9.0.0.0, Culture=neutral, PublicKeyToken=b03f5f7f11d50a3a" className="DESTests.Test, DESTests" name="DESTestSourceDecrypt" />
    </UnitTest>
    <UnitTest name="RSASign" storage="c:\users\acer\documents\visual studio 2008\projects\des\destests\bin\debug\destests.dll" id="c2d29ef2-6045-61e3-1d6a-f22e41477650">
      <Css projectStructure="" iteration="" />
      <Owners>
        <Owner name="" />
      </Owners>
      <Execution id="4a06e669-85fe-45b6-a052-9a38404d6624" />
      <TestMethod codeBase="C:\Users\Acer\Documents\Visual Studio 2008\Projects\DES\DESTests\bin\Debug\DESTests.dll" adapterTypeName="Microsoft.VisualStudio.TestTools.TestTypes.Unit.UnitTestAdapter, Microsoft.VisualStudio.QualityTools.Tips.UnitTest.Adapter, Version=9.0.0.0, Culture=neutral, PublicKeyToken=b03f5f7f11d50a3a" className="DESTests.Test, DESTests" name="RSASign" />
    </UnitTest>
    <UnitTest name="ElGamalTestSourceDecrypt" storage="c:\users\acer\documents\visual studio 2008\projects\des\destests\bin\debug\destests.dll" id="16e3d03b-e8c5-802f-e9c0-342107d2cdb0">
      <Css projectStructure="" iteration="" />
      <Owners>
        <Owner name="" />
      </Owners>
      <Execution id="8e07225f-1f55-480d-9c95-642248d01cdf" />
      <TestMethod codeBase="C:\Users\Acer\Documents\Visual Studio 2008\Projects\DES\DESTests\bin\Debug\DESTests.dll" adapterTypeName="Microsoft.VisualStudio.TestTools.TestTypes.Unit.UnitTestAdapter, Microsoft.VisualStudio.QualityTools.Tips.UnitTest.Adapter, Version=9.0.0.0, Culture=neutral, PublicKeyToken=b03f5f7f11d50a3a" className="DESTests.Test, DESTests" name="ElGamalTestSourceDecrypt" />
    </UnitTest>
    <UnitTest name="ElGamalTestEncryptDecryptLenght" storage="c:\users\acer\documents\visual studio 2008\projects\des\destests\bin\debug\destests.dll" id="0e7cf8a3-3ea1-7e51-78da-44d1d9228cd6">
      <Css projectStructure="" iteration="" />
      <Owners>
        <Owner name="" />
      </Owners>
      <Execution id="89d10f17-bec4-4334-9ba7-cb4c3ac073f8" />
      <TestMethod codeBase="C:\Users\Acer\Documents\Visual Studio 2008\Projects\DES\DESTests\bin\Debug\DESTests.dll" adapterTypeName="Microsoft.VisualStudio.TestTools.TestTypes.Unit.UnitTestAdapter, Microsoft.VisualStudio.QualityTools.Tips.UnitTest.Adapter, Version=9.0.0.0, Culture=neutral, PublicKeyToken=b03f5f7f11d50a3a" className="DESTests.Test, DESTests" name="ElGamalTestEncryptDecryptLenght" />
    </UnitTest>
    <UnitTest name="DESTestDecrypt" storage="c:\users\acer\documents\visual studio 2008\projects\des\destests\bin\debug\destests.dll" id="726eb956-5c9f-0634-b91b-6403cea6b894">
      <Css projectStructure="" iteration="" />
      <Owners>
        <Owner name="" />
      </Owners>
      <Execution id="fb500de5-6b95-42e6-883c-0d4142271299" />
      <TestMethod codeBase="C:\Users\Acer\Documents\Visual Studio 2008\Projects\DES\DESTests\bin\Debug\DESTests.dll" adapterTypeName="Microsoft.VisualStudio.TestTools.TestTypes.Unit.UnitTestAdapter, Microsoft.VisualStudio.QualityTools.Tips.UnitTest.Adapter, Version=9.0.0.0, Culture=neutral, PublicKeyToken=b03f5f7f11d50a3a" className="DESTests.Test, DESTests" name="DESTestDecrypt" />
    </UnitTest>
    <UnitTest name="SHA1TestHash" storage="c:\users\acer\documents\visual studio 2008\projects\des\destests\bin\debug\destests.dll" id="54493a4d-419d-2f05-793b-58d412a9d7c1">
      <Css projectStructure="" iteration="" />
      <Owners>
        <Owner name="" />
      </Owners>
      <Execution id="ca6cff85-bb63-4689-8d3a-376a6d354747" />
      <TestMethod codeBase="C:\Users\Acer\Documents\Visual Studio 2008\Projects\DES\DESTests\bin\Debug\DESTests.dll" adapterTypeName="Microsoft.VisualStudio.TestTools.TestTypes.Unit.UnitTestAdapter, Microsoft.VisualStudio.QualityTools.Tips.UnitTest.Adapter, Version=9.0.0.0, Culture=neutral, PublicKeyToken=b03f5f7f11d50a3a" className="DESTests.Test, DESTests" name="SHA1TestHash" />
    </UnitTest>
  </TestDefinitions>
  <TestLists>
    <TestList name="Results Not in a List" id="8c84fa94-04c1-424b-9868-57a2d4851a1d" />
    <TestList name="All Loaded Results" id="19431567-8539-422a-85d7-44ee4e166bda" />
  </TestLists>
  <TestEntries>
    <TestEntry testId="3154799c-e0a1-7c58-9569-cd29d1bc3aa0" executionId="d81e3f6f-f7fc-4cf0-877e-37607a4b1ed4" testListId="8c84fa94-04c1-424b-9868-57a2d4851a1d" />
    <TestEntry testId="726eb956-5c9f-0634-b91b-6403cea6b894" executionId="fb500de5-6b95-42e6-883c-0d4142271299" testListId="8c84fa94-04c1-424b-9868-57a2d4851a1d" />
    <TestEntry testId="16e3d03b-e8c5-802f-e9c0-342107d2cdb0" executionId="8e07225f-1f55-480d-9c95-642248d01cdf" testListId="8c84fa94-04c1-424b-9868-57a2d4851a1d" />
    <TestEntry testId="0e7cf8a3-3ea1-7e51-78da-44d1d9228cd6" executionId="89d10f17-bec4-4334-9ba7-cb4c3ac073f8" testListId="8c84fa94-04c1-424b-9868-57a2d4851a1d" />
    <TestEntry testId="54493a4d-419d-2f05-793b-58d412a9d7c1" executionId="ca6cff85-bb63-4689-8d3a-376a6d354747" testListId="8c84fa94-04c1-424b-9868-57a2d4851a1d" />
    <TestEntry testId="c2d29ef2-6045-61e3-1d6a-f22e41477650" executionId="79124541-2f80-4e4d-b0bc-4030f13859c0" testListId="8c84fa94-04c1-424b-9868-57a2d4851a1d" />
  </TestEntries>
  <Results>
    <UnitTestResult executionId="d81e3f6f-f7fc-4cf0-877e-37607a4b1ed4" testId="3154799c-e0a1-7c58-9569-cd29d1bc3aa0" testName="DESTestSourceDecrypt" computerName="USER" duration="00:00:00.1876121" startTime="2016-12-21T21:35:04.3086864+03:00" endTime="2016-12-21T21:35:04.9493449+03:00" testType="13cdc9d9-ddb5-4fa4-a97d-d965ccfc6d4b" outcome="Passed" testListId="8c84fa94-04c1-424b-9868-57a2d4851a1d">
      <Output>
      </Output>
    </UnitTestResult>
    <UnitTestResult executionId="fb500de5-6b95-42e6-883c-0d4142271299" testId="726eb956-5c9f-0634-b91b-6403cea6b894" testName="DESTestDecrypt" computerName="USER" duration="00:00:00.0015998" startTime="2016-12-21T21:35:04.9649684+03:00" endTime="2016-12-21T21:35:04.9805981+03:00" testType="13cdc9d9-ddb5-4fa4-a97d-d965ccfc6d4b" outcome="Passed" testListId="8c84fa94-04c1-424b-9868-57a2d4851a1d">
      <Output>
      </Output>
    </UnitTestResult>
    <UnitTestResult executionId="8e07225f-1f55-480d-9c95-642248d01cdf" testId="16e3d03b-e8c5-802f-e9c0-342107d2cdb0" testName="ElGamalTestSourceDecrypt" computerName="USER" duration="00:00:00.0076630" startTime="2016-12-21T21:35:05.0118497+03:00" endTime="2016-12-21T21:35:05.0274711+03:00" testType="13cdc9d9-ddb5-4fa4-a97d-d965ccfc6d4b" outcome="Passed" testListId="8c84fa94-04c1-424b-9868-57a2d4851a1d">
      <Output>
      </Output>
    </UnitTestResult>
    <UnitTestResult executionId="89d10f17-bec4-4334-9ba7-cb4c3ac073f8" testId="0e7cf8a3-3ea1-7e51-78da-44d1d9228cd6" testName="ElGamalTestEncryptDecryptLenght" computerName="USER" duration="00:00:00.0336634" startTime="2016-12-21T21:35:05.0274711+03:00" endTime="2016-12-21T21:35:05.0743509+03:00" testType="13cdc9d9-ddb5-4fa4-a97d-d965ccfc6d4b" outcome="Passed" testListId="8c84fa94-04c1-424b-9868-57a2d4851a1d">
      <Output>
      </Output>
    </UnitTestResult>
    <UnitTestResult executionId="ca6cff85-bb63-4689-8d3a-376a6d354747" testId="54493a4d-419d-2f05-793b-58d412a9d7c1" testName="SHA1TestHash" computerName="USER" duration="00:00:01.4503957" startTime="2016-12-21T21:35:05.0743509+03:00" endTime="2016-12-21T21:35:06.5275477+03:00" testType="13cdc9d9-ddb5-4fa4-a97d-d965ccfc6d4b" outcome="Passed" testListId="8c84fa94-04c1-424b-9868-57a2d4851a1d">
      <Output>
      </Output>
    </UnitTestResult>
    <UnitTestResult executionId="79124541-2f80-4e4d-b0bc-4030f13859c0" testId="c2d29ef2-6045-61e3-1d6a-f22e41477650" testName="RSASign" computerName="USER" duration="00:04:01.6144182" startTime="2016-12-21T21:35:06.5431727+03:00" endTime="2016-12-21T21:39:08.1575909+03:00" testType="13cdc9d9-ddb5-4fa4-a97d-d965ccfc6d4b" outcome="Aborted" testListId="8c84fa94-04c1-424b-9868-57a2d4851a1d">
    </UnitTestResult>
  </Results>
</TestRun>